Petit bonhomme en mousse,DUPONT-6655-05,30
Fourchette,DUPONT-6655-08,80
Casserole,DUPONT-56,750
Assiette,DURAND-FR-56,126
télépone,65454,300
lecteur blu-ray,65454,300
