pour mon fiston,7878-12,6549-47,07/07/2023,12:12,30000
